Archive member included because of file (symbol)

d:/course embedded system/tools/imt sdk/imt_sdk_win_64/winavr/bin/../lib/gcc/avr/4.3.3/avr5\libgcc.a(_udivmodhi4.o)
                              ./HAL/LDR/LDR_prg.o (__udivmodhi4)
d:/course embedded system/tools/imt sdk/imt_sdk_win_64/winavr/bin/../lib/gcc/avr/4.3.3/avr5\libgcc.a(_udivmodsi4.o)
                              ./HAL/LCD/LCD_prg.o (__udivmodsi4)
d:/course embedded system/tools/imt sdk/imt_sdk_win_64/winavr/bin/../lib/gcc/avr/4.3.3/avr5\libgcc.a(_exit.o)
                              d:/course embedded system/tools/imt sdk/imt_sdk_win_64/winavr/bin/../lib/gcc/avr/4.3.3/../../../../avr/lib/avr5/crtm32.o (exit)
d:/course embedded system/tools/imt sdk/imt_sdk_win_64/winavr/bin/../lib/gcc/avr/4.3.3/avr5\libgcc.a(_copy_data.o)
                              ./HAL/SSD/SSD_prg.o (__do_copy_data)
d:/course embedded system/tools/imt sdk/imt_sdk_win_64/winavr/bin/../lib/gcc/avr/4.3.3/avr5\libgcc.a(_clear_bss.o)
                              ./MCAL/UART/UART_prg.o (__do_clear_bss)
d:/course embedded system/tools/imt sdk/imt_sdk_win_64/winavr/bin/../lib/gcc/avr/4.3.3/avr5\libgcc.a(_fixunssfsi.o)
                              ./HAL/SERVO/SERVO_prg.o (__fixunssfsi)
d:/course embedded system/tools/imt sdk/imt_sdk_win_64/winavr/bin/../lib/gcc/avr/4.3.3/avr5\libgcc.a(_addsub_sf.o)
                              ./HAL/LCD/LCD_prg.o (__subsf3)
d:/course embedded system/tools/imt sdk/imt_sdk_win_64/winavr/bin/../lib/gcc/avr/4.3.3/avr5\libgcc.a(_mul_sf.o)
                              ./HAL/SERVO/SERVO_prg.o (__mulsf3)
d:/course embedded system/tools/imt sdk/imt_sdk_win_64/winavr/bin/../lib/gcc/avr/4.3.3/avr5\libgcc.a(_div_sf.o)
                              ./HAL/LCD/LCD_prg.o (__divsf3)
d:/course embedded system/tools/imt sdk/imt_sdk_win_64/winavr/bin/../lib/gcc/avr/4.3.3/avr5\libgcc.a(_gt_sf.o)
                              ./HAL/SERVO/SERVO_prg.o (__gtsf2)
d:/course embedded system/tools/imt sdk/imt_sdk_win_64/winavr/bin/../lib/gcc/avr/4.3.3/avr5\libgcc.a(_ge_sf.o)
                              d:/course embedded system/tools/imt sdk/imt_sdk_win_64/winavr/bin/../lib/gcc/avr/4.3.3/avr5\libgcc.a(_fixunssfsi.o) (__gesf2)
d:/course embedded system/tools/imt sdk/imt_sdk_win_64/winavr/bin/../lib/gcc/avr/4.3.3/avr5\libgcc.a(_lt_sf.o)
                              ./HAL/SERVO/SERVO_prg.o (__ltsf2)
d:/course embedded system/tools/imt sdk/imt_sdk_win_64/winavr/bin/../lib/gcc/avr/4.3.3/avr5\libgcc.a(_sf_to_si.o)
                              d:/course embedded system/tools/imt sdk/imt_sdk_win_64/winavr/bin/../lib/gcc/avr/4.3.3/avr5\libgcc.a(_fixunssfsi.o) (__fixsfsi)
d:/course embedded system/tools/imt sdk/imt_sdk_win_64/winavr/bin/../lib/gcc/avr/4.3.3/avr5\libgcc.a(_thenan_sf.o)
                              d:/course embedded system/tools/imt sdk/imt_sdk_win_64/winavr/bin/../lib/gcc/avr/4.3.3/avr5\libgcc.a(_addsub_sf.o) (__thenan_sf)
d:/course embedded system/tools/imt sdk/imt_sdk_win_64/winavr/bin/../lib/gcc/avr/4.3.3/avr5\libgcc.a(_usi_to_sf.o)
                              ./HAL/LCD/LCD_prg.o (__floatunsisf)
d:/course embedded system/tools/imt sdk/imt_sdk_win_64/winavr/bin/../lib/gcc/avr/4.3.3/avr5\libgcc.a(_prologue.o)
                              d:/course embedded system/tools/imt sdk/imt_sdk_win_64/winavr/bin/../lib/gcc/avr/4.3.3/avr5\libgcc.a(_addsub_sf.o) (__prologue_saves__)
d:/course embedded system/tools/imt sdk/imt_sdk_win_64/winavr/bin/../lib/gcc/avr/4.3.3/avr5\libgcc.a(_epilogue.o)
                              d:/course embedded system/tools/imt sdk/imt_sdk_win_64/winavr/bin/../lib/gcc/avr/4.3.3/avr5\libgcc.a(_addsub_sf.o) (__epilogue_restores__)
d:/course embedded system/tools/imt sdk/imt_sdk_win_64/winavr/bin/../lib/gcc/avr/4.3.3/avr5\libgcc.a(_clzsi2.o)
                              d:/course embedded system/tools/imt sdk/imt_sdk_win_64/winavr/bin/../lib/gcc/avr/4.3.3/avr5\libgcc.a(_usi_to_sf.o) (__clzsi2)
d:/course embedded system/tools/imt sdk/imt_sdk_win_64/winavr/bin/../lib/gcc/avr/4.3.3/avr5\libgcc.a(_pack_sf.o)
                              d:/course embedded system/tools/imt sdk/imt_sdk_win_64/winavr/bin/../lib/gcc/avr/4.3.3/avr5\libgcc.a(_addsub_sf.o) (__pack_f)
d:/course embedded system/tools/imt sdk/imt_sdk_win_64/winavr/bin/../lib/gcc/avr/4.3.3/avr5\libgcc.a(_unpack_sf.o)
                              d:/course embedded system/tools/imt sdk/imt_sdk_win_64/winavr/bin/../lib/gcc/avr/4.3.3/avr5\libgcc.a(_addsub_sf.o) (__unpack_f)
d:/course embedded system/tools/imt sdk/imt_sdk_win_64/winavr/bin/../lib/gcc/avr/4.3.3/avr5\libgcc.a(_fpcmp_parts_sf.o)
                              d:/course embedded system/tools/imt sdk/imt_sdk_win_64/winavr/bin/../lib/gcc/avr/4.3.3/avr5\libgcc.a(_gt_sf.o) (__fpcmp_parts_f)
d:/course embedded system/tools/imt sdk/imt_sdk_win_64/winavr/bin/../lib/gcc/avr/4.3.3/avr5\libgcc.a(_clz.o)
                              d:/course embedded system/tools/imt sdk/imt_sdk_win_64/winavr/bin/../lib/gcc/avr/4.3.3/avr5\libgcc.a(_clzsi2.o) (__clz_tab)

Memory Configuration

Name             Origin             Length             Attributes
text             0x00000000         0x00020000         xr
data             0x00800060         0x0000ffa0         rw !x
eeprom           0x00810000         0x00010000         rw !x
fuse             0x00820000         0x00000400         rw !x
lock             0x00830000         0x00000400         rw !x
signature        0x00840000         0x00000400         rw !x
*default*        0x00000000         0xffffffff

Linker script and memory map

LOAD d:/course embedded system/tools/imt sdk/imt_sdk_win_64/winavr/bin/../lib/gcc/avr/4.3.3/../../../../avr/lib/avr5/crtm32.o
LOAD ./MCAL/UART/UART_prg.o
LOAD ./MCAL/TIMER1/TIMER1_prg.o
LOAD ./MCAL/GIE/GIE_prg.o
LOAD ./MCAL/EXI/EXI_prg.o
LOAD ./MCAL/DIO/DIO_prg.o
LOAD ./MCAL/ADC/ADC_prg.o
LOAD ./HAL/SSD/SSD_prg.o
LOAD ./HAL/SERVO/SERVO_prg.o
LOAD ./HAL/LED/LED_prg.o
LOAD ./HAL/LDR/LDR_prg.o
LOAD ./HAL/LCD/LCD_prg.o
LOAD ./HAL/BTN/BTN_prg.o
LOAD ./APP/Main.o
LOAD d:/course embedded system/tools/imt sdk/imt_sdk_win_64/winavr/bin/../lib/gcc/avr/4.3.3/avr5\libgcc.a
LOAD d:/course embedded system/tools/imt sdk/imt_sdk_win_64/winavr/bin/../lib/gcc/avr/4.3.3/../../../../avr/lib/avr5\libc.a
LOAD d:/course embedded system/tools/imt sdk/imt_sdk_win_64/winavr/bin/../lib/gcc/avr/4.3.3/avr5\libgcc.a

.hash
 *(.hash)

.dynsym
 *(.dynsym)

.dynstr
 *(.dynstr)

.gnu.version
 *(.gnu.version)

.gnu.version_d
 *(.gnu.version_d)

.gnu.version_r
 *(.gnu.version_r)

.rel.init
 *(.rel.init)

.rela.init
 *(.rela.init)

.rel.text
 *(.rel.text)
 *(.rel.text.*)
 *(.rel.gnu.linkonce.t*)

.rela.text
 *(.rela.text)
 *(.rela.text.*)
 *(.rela.gnu.linkonce.t*)

.rel.fini
 *(.rel.fini)

.rela.fini
 *(.rela.fini)

.rel.rodata
 *(.rel.rodata)
 *(.rel.rodata.*)
 *(.rel.gnu.linkonce.r*)

.rela.rodata
 *(.rela.rodata)
 *(.rela.rodata.*)
 *(.rela.gnu.linkonce.r*)

.rel.data
 *(.rel.data)
 *(.rel.data.*)
 *(.rel.gnu.linkonce.d*)

.rela.data
 *(.rela.data)
 *(.rela.data.*)
 *(.rela.gnu.linkonce.d*)

.rel.ctors
 *(.rel.ctors)

.rela.ctors
 *(.rela.ctors)

.rel.dtors
 *(.rel.dtors)

.rela.dtors
 *(.rela.dtors)

.rel.got
 *(.rel.got)

.rela.got
 *(.rela.got)

.rel.bss
 *(.rel.bss)

.rela.bss
 *(.rela.bss)

.rel.plt
 *(.rel.plt)

.rela.plt
 *(.rela.plt)

.text           0x00000000     0x40d6
 *(.vectors)
 .vectors       0x00000000       0x54 d:/course embedded system/tools/imt sdk/imt_sdk_win_64/winavr/bin/../lib/gcc/avr/4.3.3/../../../../avr/lib/avr5/crtm32.o
                0x00000000                __vectors
                0x00000000                __vector_default
 *(.vectors)
 *(.progmem.gcc*)
 *(.progmem*)
                0x00000054                . = ALIGN (0x2)
                0x00000054                __trampolines_start = .
 *(.trampolines)
 .trampolines   0x00000054        0x0 linker stubs
 *(.trampolines*)
                0x00000054                __trampolines_end = .
 *(.jumptables)
 *(.jumptables*)
 *(.lowtext)
 *(.lowtext*)
                0x00000054                __ctors_start = .
 *(.ctors)
                0x00000054                __ctors_end = .
                0x00000054                __dtors_start = .
 *(.dtors)
                0x00000054                __dtors_end = .
 SORT(*)(.ctors)
 SORT(*)(.dtors)
 *(.init0)
 .init0         0x00000054        0x0 d:/course embedded system/tools/imt sdk/imt_sdk_win_64/winavr/bin/../lib/gcc/avr/4.3.3/../../../../avr/lib/avr5/crtm32.o
                0x00000054                __init
 *(.init0)
 *(.init1)
 *(.init1)
 *(.init2)
 .init2         0x00000054        0xc d:/course embedded system/tools/imt sdk/imt_sdk_win_64/winavr/bin/../lib/gcc/avr/4.3.3/../../../../avr/lib/avr5/crtm32.o
 *(.init2)
 *(.init3)
 *(.init3)
 *(.init4)
 .init4         0x00000060       0x16 d:/course embedded system/tools/imt sdk/imt_sdk_win_64/winavr/bin/../lib/gcc/avr/4.3.3/avr5\libgcc.a(_copy_data.o)
                0x00000060                __do_copy_data
 .init4         0x00000076       0x10 d:/course embedded system/tools/imt sdk/imt_sdk_win_64/winavr/bin/../lib/gcc/avr/4.3.3/avr5\libgcc.a(_clear_bss.o)
                0x00000076                __do_clear_bss
 *(.init4)
 *(.init5)
 *(.init5)
 *(.init6)
 *(.init6)
 *(.init7)
 *(.init7)
 *(.init8)
 *(.init8)
 *(.init9)
 .init9         0x00000086        0x8 d:/course embedded system/tools/imt sdk/imt_sdk_win_64/winavr/bin/../lib/gcc/avr/4.3.3/../../../../avr/lib/avr5/crtm32.o
 *(.init9)
 *(.text)
 .text          0x0000008e        0x4 d:/course embedded system/tools/imt sdk/imt_sdk_win_64/winavr/bin/../lib/gcc/avr/4.3.3/../../../../avr/lib/avr5/crtm32.o
                0x0000008e                __vector_12
                0x0000008e                __bad_interrupt
                0x0000008e                __vector_11
                0x0000008e                __vector_17
                0x0000008e                __vector_19
                0x0000008e                __vector_5
                0x0000008e                __vector_4
                0x0000008e                __vector_10
                0x0000008e                __vector_18
                0x0000008e                __vector_20
 .text          0x00000092        0x0 ./MCAL/UART/UART_prg.o
 .text          0x00000092        0x0 ./MCAL/TIMER1/TIMER1_prg.o
 .text          0x00000092        0x0 ./MCAL/GIE/GIE_prg.o
 .text          0x00000092        0x0 ./MCAL/EXI/EXI_prg.o
 .text          0x00000092        0x0 ./MCAL/DIO/DIO_prg.o
 .text          0x00000092        0x0 ./MCAL/ADC/ADC_prg.o
 .text          0x00000092        0x0 ./HAL/SSD/SSD_prg.o
 .text          0x00000092        0x0 ./HAL/SERVO/SERVO_prg.o
 .text          0x00000092        0x0 ./HAL/LED/LED_prg.o
 .text          0x00000092        0x0 ./HAL/LDR/LDR_prg.o
 .text          0x00000092        0x0 ./HAL/LCD/LCD_prg.o
 .text          0x00000092        0x0 ./HAL/BTN/BTN_prg.o
 .text          0x00000092        0x0 ./APP/Main.o
 .text          0x00000092        0x0 d:/course embedded system/tools/imt sdk/imt_sdk_win_64/winavr/bin/../lib/gcc/avr/4.3.3/avr5\libgcc.a(_udivmodhi4.o)
 .text          0x00000092        0x0 d:/course embedded system/tools/imt sdk/imt_sdk_win_64/winavr/bin/../lib/gcc/avr/4.3.3/avr5\libgcc.a(_udivmodsi4.o)
 .text          0x00000092        0x0 d:/course embedded system/tools/imt sdk/imt_sdk_win_64/winavr/bin/../lib/gcc/avr/4.3.3/avr5\libgcc.a(_exit.o)
 .text          0x00000092        0x0 d:/course embedded system/tools/imt sdk/imt_sdk_win_64/winavr/bin/../lib/gcc/avr/4.3.3/avr5\libgcc.a(_copy_data.o)
 .text          0x00000092        0x0 d:/course embedded system/tools/imt sdk/imt_sdk_win_64/winavr/bin/../lib/gcc/avr/4.3.3/avr5\libgcc.a(_clear_bss.o)
 .text          0x00000092       0x58 d:/course embedded system/tools/imt sdk/imt_sdk_win_64/winavr/bin/../lib/gcc/avr/4.3.3/avr5\libgcc.a(_fixunssfsi.o)
                0x00000092                __fixunssfsi
 .text          0x000000ea      0x354 d:/course embedded system/tools/imt sdk/imt_sdk_win_64/winavr/bin/../lib/gcc/avr/4.3.3/avr5\libgcc.a(_addsub_sf.o)
                0x00000382                __subsf3
                0x000003e4                __addsf3
 .text          0x0000043e      0x1f4 d:/course embedded system/tools/imt sdk/imt_sdk_win_64/winavr/bin/../lib/gcc/avr/4.3.3/avr5\libgcc.a(_mul_sf.o)
                0x0000043e                __mulsf3
 .text          0x00000632      0x158 d:/course embedded system/tools/imt sdk/imt_sdk_win_64/winavr/bin/../lib/gcc/avr/4.3.3/avr5\libgcc.a(_div_sf.o)
                0x00000632                __divsf3
 .text          0x0000078a       0x60 d:/course embedded system/tools/imt sdk/imt_sdk_win_64/winavr/bin/../lib/gcc/avr/4.3.3/avr5\libgcc.a(_gt_sf.o)
                0x0000078a                __gtsf2
 .text          0x000007ea       0x60 d:/course embedded system/tools/imt sdk/imt_sdk_win_64/winavr/bin/../lib/gcc/avr/4.3.3/avr5\libgcc.a(_ge_sf.o)
                0x000007ea                __gesf2
 .text          0x0000084a       0x60 d:/course embedded system/tools/imt sdk/imt_sdk_win_64/winavr/bin/../lib/gcc/avr/4.3.3/avr5\libgcc.a(_lt_sf.o)
                0x0000084a                __ltsf2
 .text          0x000008aa       0xa8 d:/course embedded system/tools/imt sdk/imt_sdk_win_64/winavr/bin/../lib/gcc/avr/4.3.3/avr5\libgcc.a(_sf_to_si.o)
                0x000008aa                __fixsfsi
 .text          0x00000952        0x0 d:/course embedded system/tools/imt sdk/imt_sdk_win_64/winavr/bin/../lib/gcc/avr/4.3.3/avr5\libgcc.a(_thenan_sf.o)
 .text          0x00000952       0xf2 d:/course embedded system/tools/imt sdk/imt_sdk_win_64/winavr/bin/../lib/gcc/avr/4.3.3/avr5\libgcc.a(_usi_to_sf.o)
                0x00000952                __floatunsisf
 .text          0x00000a44        0x0 d:/course embedded system/tools/imt sdk/imt_sdk_win_64/winavr/bin/../lib/gcc/avr/4.3.3/avr5\libgcc.a(_prologue.o)
 .text          0x00000a44        0x0 d:/course embedded system/tools/imt sdk/imt_sdk_win_64/winavr/bin/../lib/gcc/avr/4.3.3/avr5\libgcc.a(_epilogue.o)
 .text          0x00000a44       0x9e d:/course embedded system/tools/imt sdk/imt_sdk_win_64/winavr/bin/../lib/gcc/avr/4.3.3/avr5\libgcc.a(_clzsi2.o)
                0x00000a44                __clzsi2
 .text          0x00000ae2      0x1aa d:/course embedded system/tools/imt sdk/imt_sdk_win_64/winavr/bin/../lib/gcc/avr/4.3.3/avr5\libgcc.a(_pack_sf.o)
                0x00000ae2                __pack_f
 .text          0x00000c8c       0xf0 d:/course embedded system/tools/imt sdk/imt_sdk_win_64/winavr/bin/../lib/gcc/avr/4.3.3/avr5\libgcc.a(_unpack_sf.o)
                0x00000c8c                __unpack_f
 .text          0x00000d7c       0xb2 d:/course embedded system/tools/imt sdk/imt_sdk_win_64/winavr/bin/../lib/gcc/avr/4.3.3/avr5\libgcc.a(_fpcmp_parts_sf.o)
                0x00000d7c                __fpcmp_parts_f
 .text          0x00000e2e        0x0 d:/course embedded system/tools/imt sdk/imt_sdk_win_64/winavr/bin/../lib/gcc/avr/4.3.3/avr5\libgcc.a(_clz.o)
                0x00000e2e                . = ALIGN (0x2)
 *(.text.*)
 .text.UART_vInit
                0x00000e2e       0xae ./MCAL/UART/UART_prg.o
                0x00000e2e                UART_vInit
 .text.UART_vSendData
                0x00000edc       0x34 ./MCAL/UART/UART_prg.o
                0x00000edc                UART_vSendData
 .text.UART_u8GetData
                0x00000f10       0x1e ./MCAL/UART/UART_prg.o
                0x00000f10                UART_u8GetData
 .text.UART_vSend_String
                0x00000f2e       0x5c ./MCAL/UART/UART_prg.o
                0x00000f2e                UART_vSend_String
 .text.UART_vGet_String
                0x00000f8a       0x8a ./MCAL/UART/UART_prg.o
                0x00000f8a                UART_vGet_String
 .text.UART_u8IsTxComplete
                0x00001014       0x1e ./MCAL/UART/UART_prg.o
                0x00001014                UART_u8IsTxComplete
 .text.UART_u8IsRxComplete
                0x00001032       0x1a ./MCAL/UART/UART_prg.o
                0x00001032                UART_u8IsRxComplete
 .text.UART_vCallBack_RXC
                0x0000104c       0x24 ./MCAL/UART/UART_prg.o
                0x0000104c                UART_vCallBack_RXC
 .text.UART_vCallBack_TXC
                0x00001070       0x24 ./MCAL/UART/UART_prg.o
                0x00001070                UART_vCallBack_TXC
 .text.UART_vCallBack_UDRE
                0x00001094       0x24 ./MCAL/UART/UART_prg.o
                0x00001094                UART_vCallBack_UDRE
 .text.__vector_13
                0x000010b8       0x5a ./MCAL/UART/UART_prg.o
                0x000010b8                __vector_13
 .text.__vector_14
                0x00001112       0x5a ./MCAL/UART/UART_prg.o
                0x00001112                __vector_14
 .text.__vector_15
                0x0000116c       0x5a ./MCAL/UART/UART_prg.o
                0x0000116c                __vector_15
 .text.TIMER1_vInit
                0x000011c6       0x84 ./MCAL/TIMER1/TIMER1_prg.o
                0x000011c6                TIMER1_vInit
 .text.TIMER1_vSetPreload
                0x0000124a       0x14 ./MCAL/TIMER1/TIMER1_prg.o
                0x0000124a                TIMER1_vSetPreload
 .text.TIMER1_vSetOcrA1Val
                0x0000125e       0x24 ./MCAL/TIMER1/TIMER1_prg.o
                0x0000125e                TIMER1_vSetOcrA1Val
 .text.TIMER1_vSetOcrB1Val
                0x00001282       0x24 ./MCAL/TIMER1/TIMER1_prg.o
                0x00001282                TIMER1_vSetOcrB1Val
 .text.TIMER1_vSetICR1
                0x000012a6       0x24 ./MCAL/TIMER1/TIMER1_prg.o
                0x000012a6                TIMER1_vSetICR1
 .text.TIMER1_vCallBack_OVF
                0x000012ca       0x24 ./MCAL/TIMER1/TIMER1_prg.o
                0x000012ca                TIMER1_vCallBack_OVF
 .text.TIMER1_vCallBack_CTCA
                0x000012ee       0x24 ./MCAL/TIMER1/TIMER1_prg.o
                0x000012ee                TIMER1_vCallBack_CTCA
 .text.TIMER1_vCallBack_CTCB
                0x00001312       0x24 ./MCAL/TIMER1/TIMER1_prg.o
                0x00001312                TIMER1_vCallBack_CTCB
 .text.TIMER1_vCallBack_CE
                0x00001336       0x24 ./MCAL/TIMER1/TIMER1_prg.o
                0x00001336                TIMER1_vCallBack_CE
 .text.TIMER1_vTurnOn
                0x0000135a       0x2a ./MCAL/TIMER1/TIMER1_prg.o
                0x0000135a                TIMER1_vTurnOn
 .text.TIMER1_vTurnOff
                0x00001384       0x1c ./MCAL/TIMER1/TIMER1_prg.o
                0x00001384                TIMER1_vTurnOff
 .text.TIMER1_vDelay
                0x000013a0       0x14 ./MCAL/TIMER1/TIMER1_prg.o
                0x000013a0                TIMER1_vDelay
 .text.TIMER1_u8DutyCycleOc1A
                0x000013b4       0x10 ./MCAL/TIMER1/TIMER1_prg.o
                0x000013b4                TIMER1_u8DutyCycleOc1A
 .text.TIMER1_u8DutyCycleOc1B
                0x000013c4       0x10 ./MCAL/TIMER1/TIMER1_prg.o
                0x000013c4                TIMER1_u8DutyCycleOc1B
 .text.TIMER1_u32FrequencyOfOC1APin
                0x000013d4       0x1a ./MCAL/TIMER1/TIMER1_prg.o
                0x000013d4                TIMER1_u32FrequencyOfOC1APin
 .text.TIMER1_u32FrequencyOfOC1BPin
                0x000013ee       0x1a ./MCAL/TIMER1/TIMER1_prg.o
                0x000013ee                TIMER1_u32FrequencyOfOC1BPin
 .text.TIMER1_u16ReadICR1
                0x00001408       0x16 ./MCAL/TIMER1/TIMER1_prg.o
                0x00001408                TIMER1_u16ReadICR1
 .text.TIMER1_vSetTrigger
                0x0000141e       0x56 ./MCAL/TIMER1/TIMER1_prg.o
                0x0000141e                TIMER1_vSetTrigger
 .text.TIMER1_vDisableIcuInt
                0x00001474       0x1c ./MCAL/TIMER1/TIMER1_prg.o
                0x00001474                TIMER1_vDisableIcuInt
 .text.__vector_6
                0x00001490       0x5a ./MCAL/TIMER1/TIMER1_prg.o
                0x00001490                __vector_6
 .text.__vector_7
                0x000014ea       0x5a ./MCAL/TIMER1/TIMER1_prg.o
                0x000014ea                __vector_7
 .text.__vector_8
                0x00001544       0x5a ./MCAL/TIMER1/TIMER1_prg.o
                0x00001544                __vector_8
 .text.__vector_9
                0x0000159e       0x5a ./MCAL/TIMER1/TIMER1_prg.o
                0x0000159e                __vector_9
 .text.GIE_vEnableGlobalInterrupt
                0x000015f8       0x1c ./MCAL/GIE/GIE_prg.o
                0x000015f8                GIE_vEnableGlobalInterrupt
 .text.GIE_vDisableGlobalInterrupt
                0x00001614       0x1c ./MCAL/GIE/GIE_prg.o
                0x00001614                GIE_vDisableGlobalInterrupt
 .text.__vector_1
                0x00001630       0x5a ./MCAL/EXI/EXI_prg.o
                0x00001630                __vector_1
 .text.__vector_2
                0x0000168a       0x5a ./MCAL/EXI/EXI_prg.o
                0x0000168a                __vector_2
 .text.__vector_3
                0x000016e4       0x5a ./MCAL/EXI/EXI_prg.o
                0x000016e4                __vector_3
 .text.EXI_vInitInt0
                0x0000173e       0x4c ./MCAL/EXI/EXI_prg.o
                0x0000173e                EXI_vInitInt0
 .text.EXI_vInitInt1
                0x0000178a       0x4c ./MCAL/EXI/EXI_prg.o
                0x0000178a                EXI_vInitInt1
 .text.EXI_vInitInt2
                0x000017d6       0x3e ./MCAL/EXI/EXI_prg.o
                0x000017d6                EXI_vInitInt2
 .text.Reg_func0
                0x00001814       0x24 ./MCAL/EXI/EXI_prg.o
                0x00001814                Reg_func0
 .text.Reg_func1
                0x00001838       0x24 ./MCAL/EXI/EXI_prg.o
                0x00001838                Reg_func1
 .text.Reg_func2
                0x0000185c       0x24 ./MCAL/EXI/EXI_prg.o
                0x0000185c                Reg_func2
 .text.DIO_vPinDir
                0x00001880      0x176 ./MCAL/DIO/DIO_prg.o
                0x00001880                DIO_vPinDir
 .text.DIO_vSetPinVal
                0x000019f6      0x176 ./MCAL/DIO/DIO_prg.o
                0x000019f6                DIO_vSetPinVal
 .text.DIO_u8GetPinVal
                0x00001b6c       0xf2 ./MCAL/DIO/DIO_prg.o
                0x00001b6c                DIO_u8GetPinVal
 .text.DIO_vPortDir
                0x00001c5e       0x82 ./MCAL/DIO/DIO_prg.o
                0x00001c5e                DIO_vPortDir
 .text.DIO_vSetPortVal
                0x00001ce0       0x82 ./MCAL/DIO/DIO_prg.o
                0x00001ce0                DIO_vSetPortVal
 .text.DIO_vToggelPinVal
                0x00001d62       0xfa ./MCAL/DIO/DIO_prg.o
                0x00001d62                DIO_vToggelPinVal
 .text.ADC_vInt
                0x00001e5c       0x62 ./MCAL/ADC/ADC_prg.o
                0x00001e5c                ADC_vInt
 .text.ADC_u16GetDigValSync
                0x00001ebe       0x56 ./MCAL/ADC/ADC_prg.o
                0x00001ebe                ADC_u16GetDigValSync
 .text.ADC_u16GetDigValAsync
                0x00001f14       0x74 ./MCAL/ADC/ADC_prg.o
                0x00001f14                ADC_u16GetDigValAsync
 .text.__vector_16
                0x00001f88       0x7e ./MCAL/ADC/ADC_prg.o
                0x00001f88                __vector_16
 .text.SSD_vINT
                0x00002006       0x7e ./HAL/SSD/SSD_prg.o
                0x00002006                SSD_vINT
 .text.SSD_vTurnOn
                0x00002084       0x4e ./HAL/SSD/SSD_prg.o
                0x00002084                SSD_vTurnOn
 .text.SSD_vTurnOff
                0x000020d2       0x4e ./HAL/SSD/SSD_prg.o
                0x000020d2                SSD_vTurnOff
 .text.SSD_vDisplayNum
                0x00002120       0x72 ./HAL/SSD/SSD_prg.o
                0x00002120                SSD_vDisplayNum
 .text.SSD_vDisplaySigmentBorder
                0x00002192       0x72 ./HAL/SSD/SSD_prg.o
                0x00002192                SSD_vDisplaySigmentBorder
 .text.SSD1_vDisplayNum
                0x00002204       0x46 ./HAL/SSD/SSD_prg.o
                0x00002204                SSD1_vDisplayNum
 .text.SERVO_vInit
                0x0000224a       0x12 ./HAL/SERVO/SERVO_prg.o
                0x0000224a                SERVO_vInit
 .text.SERVO_vRotate180_Back
                0x0000225c      0x148 ./HAL/SERVO/SERVO_prg.o
                0x0000225c                SERVO_vRotate180_Back
 .text.SERVO0_vAngle
                0x000023a4       0x5e ./HAL/SERVO/SERVO_prg.o
                0x000023a4                SERVO0_vAngle
 .text.SERVO1_vAngle
                0x00002402       0x5e ./HAL/SERVO/SERVO_prg.o
                0x00002402                SERVO1_vAngle
 .text.LED_vInt
                0x00002460       0xde ./HAL/LED/LED_prg.o
                0x00002460                LED_vInt
 .text.LED_vTurnOn
                0x0000253e       0xde ./HAL/LED/LED_prg.o
                0x0000253e                LED_vTurnOn
 .text.LED_vTurnOff
                0x0000261c       0xde ./HAL/LED/LED_prg.o
                0x0000261c                LED_vTurnOff
 .text.LED_vPortDir
                0x000026fa       0x1c ./HAL/LED/LED_prg.o
                0x000026fa                LED_vPortDir
 .text.LED_vSetPortVal
                0x00002716       0x1c ./HAL/LED/LED_prg.o
                0x00002716                LED_vSetPortVal
 .text.LED_vToggelPinVal
                0x00002732       0x20 ./HAL/LED/LED_prg.o
                0x00002732                LED_vToggelPinVal
 .text.LDR_vInt
                0x00002752       0x12 ./HAL/LDR/LDR_prg.o
                0x00002752                LDR_vInt
 .text.LDR_u16GetLDR_Res
                0x00002764       0x5e ./HAL/LDR/LDR_prg.o
                0x00002764                LDR_u16GetLDR_Res
 .text.LCD_vInit
                0x000027c2      0x61c ./HAL/LCD/LCD_prg.o
                0x000027c2                LCD_vInit
 .text.LCD_vSendData
                0x00002dde      0x282 ./HAL/LCD/LCD_prg.o
 .text.LCD_vDispChar
                0x00003060       0x1a ./HAL/LCD/LCD_prg.o
                0x00003060                LCD_vDispChar
 .text.LCD_vDispStr
                0x0000307a       0x52 ./HAL/LCD/LCD_prg.o
                0x0000307a                LCD_vDispStr
 .text.LCD_vDispNum
                0x000030cc       0xd6 ./HAL/LCD/LCD_prg.o
                0x000030cc                LCD_vDispNum
 .text.LCD_vCLR
                0x000031a2      0x110 ./HAL/LCD/LCD_prg.o
                0x000031a2                LCD_vCLR
 .text.LCD_vSetPos
                0x000032b2       0x62 ./HAL/LCD/LCD_prg.o
                0x000032b2                LCD_vSetPos
 .text.LCD_vInstruction
                0x00003314       0xf2 ./HAL/LCD/LCD_prg.o
 .text.LCD_vConvIntToChar
                0x00003406      0x164 ./HAL/LCD/LCD_prg.o
 .text.LCD_vDispFloat
                0x0000356a       0x60 ./HAL/LCD/LCD_prg.o
                0x0000356a                LCD_vDispFloat
 .text.LCD_vReturnHome
                0x000035ca       0x14 ./HAL/LCD/LCD_prg.o
                0x000035ca                LCD_vReturnHome
 .text.LCD_vShiftDisp
                0x000035de       0x46 ./HAL/LCD/LCD_prg.o
                0x000035de                LCD_vShiftDisp
 .text.floatToString
                0x00003624      0x1f6 ./HAL/LCD/LCD_prg.o
 .text.LCD_vShiftCursor
                0x0000381a       0x14 ./HAL/LCD/LCD_prg.o
                0x0000381a                LCD_vShiftCursor
 .text.LCD_vTurnOn
                0x0000382e       0x14 ./HAL/LCD/LCD_prg.o
                0x0000382e                LCD_vTurnOn
 .text.LCD_vTurnOff
                0x00003842       0x14 ./HAL/LCD/LCD_prg.o
                0x00003842                LCD_vTurnOff
 .text.LCD_vCreateCustomPattern
                0x00003856      0x1e6 ./HAL/LCD/LCD_prg.o
 .text.LCD_vDispCustomChar
                0x00003a3c       0x96 ./HAL/LCD/LCD_prg.o
                0x00003a3c                LCD_vDispCustomChar
 .text.BTN_vInt
                0x00003ad2       0xde ./HAL/BTN/BTN_prg.o
                0x00003ad2                BTN_vInt
 .text.BTN_u8GetState
                0x00003bb0       0xf4 ./HAL/BTN/BTN_prg.o
                0x00003bb0                BTN_u8GetState
 .text.main     0x00003ca4      0x354 ./APP/Main.o
                0x00003ca4                main
 .text.libgcc   0x00003ff8       0x28 d:/course embedded system/tools/imt sdk/imt_sdk_win_64/winavr/bin/../lib/gcc/avr/4.3.3/avr5\libgcc.a(_udivmodhi4.o)
                0x00003ff8                __udivmodhi4
 .text.libgcc   0x00004020       0x44 d:/course embedded system/tools/imt sdk/imt_sdk_win_64/winavr/bin/../lib/gcc/avr/4.3.3/avr5\libgcc.a(_udivmodsi4.o)
                0x00004020                __udivmodsi4
 .text.libgcc   0x00004064        0x0 d:/course embedded system/tools/imt sdk/imt_sdk_win_64/winavr/bin/../lib/gcc/avr/4.3.3/avr5\libgcc.a(_exit.o)
 .text.libgcc   0x00004064        0x0 d:/course embedded system/tools/imt sdk/imt_sdk_win_64/winavr/bin/../lib/gcc/avr/4.3.3/avr5\libgcc.a(_copy_data.o)
 .text.libgcc   0x00004064        0x0 d:/course embedded system/tools/imt sdk/imt_sdk_win_64/winavr/bin/../lib/gcc/avr/4.3.3/avr5\libgcc.a(_clear_bss.o)
 .text.libgcc   0x00004064       0x38 d:/course embedded system/tools/imt sdk/imt_sdk_win_64/winavr/bin/../lib/gcc/avr/4.3.3/avr5\libgcc.a(_prologue.o)
                0x00004064                __prologue_saves__
 .text.libgcc   0x0000409c       0x36 d:/course embedded system/tools/imt sdk/imt_sdk_win_64/winavr/bin/../lib/gcc/avr/4.3.3/avr5\libgcc.a(_epilogue.o)
                0x0000409c                __epilogue_restores__
                0x000040d2                . = ALIGN (0x2)
 *(.fini9)
 .fini9         0x000040d2        0x0 d:/course embedded system/tools/imt sdk/imt_sdk_win_64/winavr/bin/../lib/gcc/avr/4.3.3/avr5\libgcc.a(_exit.o)
                0x000040d2                exit
                0x000040d2                _exit
 *(.fini9)
 *(.fini8)
 *(.fini8)
 *(.fini7)
 *(.fini7)
 *(.fini6)
 *(.fini6)
 *(.fini5)
 *(.fini5)
 *(.fini4)
 *(.fini4)
 *(.fini3)
 *(.fini3)
 *(.fini2)
 *(.fini2)
 *(.fini1)
 *(.fini1)
 *(.fini0)
 .fini0         0x000040d2        0x4 d:/course embedded system/tools/imt sdk/imt_sdk_win_64/winavr/bin/../lib/gcc/avr/4.3.3/avr5\libgcc.a(_exit.o)
 *(.fini0)
                0x000040d6                _etext = .

.data           0x00800060      0x14a load address 0x000040d6
                0x00800060                PROVIDE (__data_start, .)
 *(.data)
 .data          0x00800060        0x0 d:/course embedded system/tools/imt sdk/imt_sdk_win_64/winavr/bin/../lib/gcc/avr/4.3.3/../../../../avr/lib/avr5/crtm32.o
 .data          0x00800060        0x0 ./MCAL/UART/UART_prg.o
 .data          0x00800060        0x0 ./MCAL/TIMER1/TIMER1_prg.o
 .data          0x00800060        0x0 ./MCAL/GIE/GIE_prg.o
 .data          0x00800060        0x0 ./MCAL/EXI/EXI_prg.o
 .data          0x00800060        0x0 ./MCAL/DIO/DIO_prg.o
 .data          0x00800060        0x0 ./MCAL/ADC/ADC_prg.o
 .data          0x00800060        0x0 ./HAL/SSD/SSD_prg.o
 .data          0x00800060        0x0 ./HAL/SERVO/SERVO_prg.o
 .data          0x00800060        0x0 ./HAL/LED/LED_prg.o
 .data          0x00800060        0x0 ./HAL/LDR/LDR_prg.o
 .data          0x00800060        0x0 ./HAL/LCD/LCD_prg.o
 .data          0x00800060        0x0 ./HAL/BTN/BTN_prg.o
 .data          0x00800060        0x4 ./APP/Main.o
 .data          0x00800064        0x0 d:/course embedded system/tools/imt sdk/imt_sdk_win_64/winavr/bin/../lib/gcc/avr/4.3.3/avr5\libgcc.a(_udivmodhi4.o)
 .data          0x00800064        0x0 d:/course embedded system/tools/imt sdk/imt_sdk_win_64/winavr/bin/../lib/gcc/avr/4.3.3/avr5\libgcc.a(_udivmodsi4.o)
 .data          0x00800064        0x0 d:/course embedded system/tools/imt sdk/imt_sdk_win_64/winavr/bin/../lib/gcc/avr/4.3.3/avr5\libgcc.a(_exit.o)
 .data          0x00800064        0x0 d:/course embedded system/tools/imt sdk/imt_sdk_win_64/winavr/bin/../lib/gcc/avr/4.3.3/avr5\libgcc.a(_copy_data.o)
 .data          0x00800064        0x0 d:/course embedded system/tools/imt sdk/imt_sdk_win_64/winavr/bin/../lib/gcc/avr/4.3.3/avr5\libgcc.a(_clear_bss.o)
 .data          0x00800064        0x0 d:/course embedded system/tools/imt sdk/imt_sdk_win_64/winavr/bin/../lib/gcc/avr/4.3.3/avr5\libgcc.a(_fixunssfsi.o)
 .data          0x00800064        0x0 d:/course embedded system/tools/imt sdk/imt_sdk_win_64/winavr/bin/../lib/gcc/avr/4.3.3/avr5\libgcc.a(_addsub_sf.o)
 .data          0x00800064        0x0 d:/course embedded system/tools/imt sdk/imt_sdk_win_64/winavr/bin/../lib/gcc/avr/4.3.3/avr5\libgcc.a(_mul_sf.o)
 .data          0x00800064        0x0 d:/course embedded system/tools/imt sdk/imt_sdk_win_64/winavr/bin/../lib/gcc/avr/4.3.3/avr5\libgcc.a(_div_sf.o)
 .data          0x00800064        0x0 d:/course embedded system/tools/imt sdk/imt_sdk_win_64/winavr/bin/../lib/gcc/avr/4.3.3/avr5\libgcc.a(_gt_sf.o)
 .data          0x00800064        0x0 d:/course embedded system/tools/imt sdk/imt_sdk_win_64/winavr/bin/../lib/gcc/avr/4.3.3/avr5\libgcc.a(_ge_sf.o)
 .data          0x00800064        0x0 d:/course embedded system/tools/imt sdk/imt_sdk_win_64/winavr/bin/../lib/gcc/avr/4.3.3/avr5\libgcc.a(_lt_sf.o)
 .data          0x00800064        0x0 d:/course embedded system/tools/imt sdk/imt_sdk_win_64/winavr/bin/../lib/gcc/avr/4.3.3/avr5\libgcc.a(_sf_to_si.o)
 .data          0x00800064        0x8 d:/course embedded system/tools/imt sdk/imt_sdk_win_64/winavr/bin/../lib/gcc/avr/4.3.3/avr5\libgcc.a(_thenan_sf.o)
                0x00800064                __thenan_sf
 .data          0x0080006c        0x0 d:/course embedded system/tools/imt sdk/imt_sdk_win_64/winavr/bin/../lib/gcc/avr/4.3.3/avr5\libgcc.a(_usi_to_sf.o)
 .data          0x0080006c        0x0 d:/course embedded system/tools/imt sdk/imt_sdk_win_64/winavr/bin/../lib/gcc/avr/4.3.3/avr5\libgcc.a(_prologue.o)
 .data          0x0080006c        0x0 d:/course embedded system/tools/imt sdk/imt_sdk_win_64/winavr/bin/../lib/gcc/avr/4.3.3/avr5\libgcc.a(_epilogue.o)
 .data          0x0080006c        0x0 d:/course embedded system/tools/imt sdk/imt_sdk_win_64/winavr/bin/../lib/gcc/avr/4.3.3/avr5\libgcc.a(_clzsi2.o)
 .data          0x0080006c        0x0 d:/course embedded system/tools/imt sdk/imt_sdk_win_64/winavr/bin/../lib/gcc/avr/4.3.3/avr5\libgcc.a(_pack_sf.o)
 .data          0x0080006c        0x0 d:/course embedded system/tools/imt sdk/imt_sdk_win_64/winavr/bin/../lib/gcc/avr/4.3.3/avr5\libgcc.a(_unpack_sf.o)
 .data          0x0080006c        0x0 d:/course embedded system/tools/imt sdk/imt_sdk_win_64/winavr/bin/../lib/gcc/avr/4.3.3/avr5\libgcc.a(_fpcmp_parts_sf.o)
 .data          0x0080006c      0x100 d:/course embedded system/tools/imt sdk/imt_sdk_win_64/winavr/bin/../lib/gcc/avr/4.3.3/avr5\libgcc.a(_clz.o)
                0x0080006c                __clz_tab
 *(.data*)
 .data.L_u8SsdDecToSgArr.1252
                0x0080016c        0xa ./HAL/SSD/SSD_prg.o
 .data.L_u8SsdDecToSgArrDigt.1268
                0x00800176        0x8 ./HAL/SSD/SSD_prg.o
 .data.L_u8SsdDEcToSgArr1.1284
                0x0080017e        0xa ./HAL/SSD/SSD_prg.o
 .data.L_u8SsdDecToSgArr.1283
                0x00800188        0xa ./HAL/SSD/SSD_prg.o
 .data.G_u8Pattern0
                0x00800192        0x8 ./HAL/LCD/LCD_prg.o
 .data.G_u8Pattern1
                0x0080019a        0x8 ./HAL/LCD/LCD_prg.o
 .data.G_u8Pattern2
                0x008001a2        0x8 ./HAL/LCD/LCD_prg.o
 *(.rodata)
 *(.rodata*)
 *(.gnu.linkonce.d*)
                0x008001aa                . = ALIGN (0x2)
                0x008001aa                _edata = .
                0x008001aa                PROVIDE (__data_end, .)

.bss            0x008001aa       0x18
                0x008001aa                PROVIDE (__bss_start, .)
 *(.bss)
 .bss           0x008001aa        0x0 d:/course embedded system/tools/imt sdk/imt_sdk_win_64/winavr/bin/../lib/gcc/avr/4.3.3/../../../../avr/lib/avr5/crtm32.o
 .bss           0x008001aa        0x0 ./MCAL/UART/UART_prg.o
 .bss           0x008001aa        0x0 ./MCAL/TIMER1/TIMER1_prg.o
 .bss           0x008001aa        0x0 ./MCAL/GIE/GIE_prg.o
 .bss           0x008001aa        0x0 ./MCAL/EXI/EXI_prg.o
 .bss           0x008001aa        0x0 ./MCAL/DIO/DIO_prg.o
 .bss           0x008001aa        0x0 ./MCAL/ADC/ADC_prg.o
 .bss           0x008001aa        0x0 ./HAL/SSD/SSD_prg.o
 .bss           0x008001aa        0x0 ./HAL/SERVO/SERVO_prg.o
 .bss           0x008001aa        0x0 ./HAL/LED/LED_prg.o
 .bss           0x008001aa        0x0 ./HAL/LDR/LDR_prg.o
 .bss           0x008001aa        0x0 ./HAL/LCD/LCD_prg.o
 .bss           0x008001aa        0x0 ./HAL/BTN/BTN_prg.o
 .bss           0x008001aa        0x0 ./APP/Main.o
 .bss           0x008001aa        0x0 d:/course embedded system/tools/imt sdk/imt_sdk_win_64/winavr/bin/../lib/gcc/avr/4.3.3/avr5\libgcc.a(_udivmodhi4.o)
 .bss           0x008001aa        0x0 d:/course embedded system/tools/imt sdk/imt_sdk_win_64/winavr/bin/../lib/gcc/avr/4.3.3/avr5\libgcc.a(_udivmodsi4.o)
 .bss           0x008001aa        0x0 d:/course embedded system/tools/imt sdk/imt_sdk_win_64/winavr/bin/../lib/gcc/avr/4.3.3/avr5\libgcc.a(_exit.o)
 .bss           0x008001aa        0x0 d:/course embedded system/tools/imt sdk/imt_sdk_win_64/winavr/bin/../lib/gcc/avr/4.3.3/avr5\libgcc.a(_copy_data.o)
 .bss           0x008001aa        0x0 d:/course embedded system/tools/imt sdk/imt_sdk_win_64/winavr/bin/../lib/gcc/avr/4.3.3/avr5\libgcc.a(_clear_bss.o)
 .bss           0x008001aa        0x0 d:/course embedded system/tools/imt sdk/imt_sdk_win_64/winavr/bin/../lib/gcc/avr/4.3.3/avr5\libgcc.a(_fixunssfsi.o)
 .bss           0x008001aa        0x0 d:/course embedded system/tools/imt sdk/imt_sdk_win_64/winavr/bin/../lib/gcc/avr/4.3.3/avr5\libgcc.a(_addsub_sf.o)
 .bss           0x008001aa        0x0 d:/course embedded system/tools/imt sdk/imt_sdk_win_64/winavr/bin/../lib/gcc/avr/4.3.3/avr5\libgcc.a(_mul_sf.o)
 .bss           0x008001aa        0x0 d:/course embedded system/tools/imt sdk/imt_sdk_win_64/winavr/bin/../lib/gcc/avr/4.3.3/avr5\libgcc.a(_div_sf.o)
 .bss           0x008001aa        0x0 d:/course embedded system/tools/imt sdk/imt_sdk_win_64/winavr/bin/../lib/gcc/avr/4.3.3/avr5\libgcc.a(_gt_sf.o)
 .bss           0x008001aa        0x0 d:/course embedded system/tools/imt sdk/imt_sdk_win_64/winavr/bin/../lib/gcc/avr/4.3.3/avr5\libgcc.a(_ge_sf.o)
 .bss           0x008001aa        0x0 d:/course embedded system/tools/imt sdk/imt_sdk_win_64/winavr/bin/../lib/gcc/avr/4.3.3/avr5\libgcc.a(_lt_sf.o)
 .bss           0x008001aa        0x0 d:/course embedded system/tools/imt sdk/imt_sdk_win_64/winavr/bin/../lib/gcc/avr/4.3.3/avr5\libgcc.a(_sf_to_si.o)
 .bss           0x008001aa        0x0 d:/course embedded system/tools/imt sdk/imt_sdk_win_64/winavr/bin/../lib/gcc/avr/4.3.3/avr5\libgcc.a(_thenan_sf.o)
 .bss           0x008001aa        0x0 d:/course embedded system/tools/imt sdk/imt_sdk_win_64/winavr/bin/../lib/gcc/avr/4.3.3/avr5\libgcc.a(_usi_to_sf.o)
 .bss           0x008001aa        0x0 d:/course embedded system/tools/imt sdk/imt_sdk_win_64/winavr/bin/../lib/gcc/avr/4.3.3/avr5\libgcc.a(_prologue.o)
 .bss           0x008001aa        0x0 d:/course embedded system/tools/imt sdk/imt_sdk_win_64/winavr/bin/../lib/gcc/avr/4.3.3/avr5\libgcc.a(_epilogue.o)
 .bss           0x008001aa        0x0 d:/course embedded system/tools/imt sdk/imt_sdk_win_64/winavr/bin/../lib/gcc/avr/4.3.3/avr5\libgcc.a(_clzsi2.o)
 .bss           0x008001aa        0x0 d:/course embedded system/tools/imt sdk/imt_sdk_win_64/winavr/bin/../lib/gcc/avr/4.3.3/avr5\libgcc.a(_pack_sf.o)
 .bss           0x008001aa        0x0 d:/course embedded system/tools/imt sdk/imt_sdk_win_64/winavr/bin/../lib/gcc/avr/4.3.3/avr5\libgcc.a(_unpack_sf.o)
 .bss           0x008001aa        0x0 d:/course embedded system/tools/imt sdk/imt_sdk_win_64/winavr/bin/../lib/gcc/avr/4.3.3/avr5\libgcc.a(_fpcmp_parts_sf.o)
 .bss           0x008001aa        0x0 d:/course embedded system/tools/imt sdk/imt_sdk_win_64/winavr/bin/../lib/gcc/avr/4.3.3/avr5\libgcc.a(_clz.o)
 *(.bss*)
 .bss.G_PTRF_UART_RXC
                0x008001aa        0x2 ./MCAL/UART/UART_prg.o
                0x008001aa                G_PTRF_UART_RXC
 .bss.G_PTRF_UART_UDRE
                0x008001ac        0x2 ./MCAL/UART/UART_prg.o
                0x008001ac                G_PTRF_UART_UDRE
 .bss.G_PTRF_UART_TXC
                0x008001ae        0x2 ./MCAL/UART/UART_prg.o
                0x008001ae                G_PTRF_UART_TXC
 .bss.G_PTRF_TIMER1_CE
                0x008001b0        0x2 ./MCAL/TIMER1/TIMER1_prg.o
                0x008001b0                G_PTRF_TIMER1_CE
 .bss.G_PTRF_TIMER1_OVF
                0x008001b2        0x2 ./MCAL/TIMER1/TIMER1_prg.o
                0x008001b2                G_PTRF_TIMER1_OVF
 .bss.G_PTRF_TIMER1_CTCA
                0x008001b4        0x2 ./MCAL/TIMER1/TIMER1_prg.o
                0x008001b4                G_PTRF_TIMER1_CTCA
 .bss.G_PTRF_TIMER1_CTCB
                0x008001b6        0x2 ./MCAL/TIMER1/TIMER1_prg.o
                0x008001b6                G_PTRF_TIMER1_CTCB
 .bss.G_ISR_ptr0
                0x008001b8        0x2 ./MCAL/EXI/EXI_prg.o
 .bss.G_ISR_ptr1
                0x008001ba        0x2 ./MCAL/EXI/EXI_prg.o
 .bss.G_ISR_ptr2
                0x008001bc        0x2 ./MCAL/EXI/EXI_prg.o
 .bss.G_ISR_ADC
                0x008001be        0x2 ./MCAL/ADC/ADC_prg.o
                0x008001be                G_ISR_ADC
 .bss.G_s8Counts0
                0x008001c0        0x1 ./APP/Main.o
                0x008001c0                G_s8Counts0
 .bss.G_s8Counts1
                0x008001c1        0x1 ./APP/Main.o
                0x008001c1                G_s8Counts1
 *(COMMON)
                0x008001c2                PROVIDE (__bss_end, .)
                0x000040d6                __data_load_start = LOADADDR (.data)
                0x00004220                __data_load_end = (__data_load_start + SIZEOF (.data))

.noinit         0x008001c2        0x0
                0x008001c2                PROVIDE (__noinit_start, .)
 *(.noinit*)
                0x008001c2                PROVIDE (__noinit_end, .)
                0x008001c2                _end = .
                0x008001c2                PROVIDE (__heap_start, .)

.eeprom         0x00810000        0x0
 *(.eeprom*)
                0x00810000                __eeprom_end = .

.fuse
 *(.fuse)
 *(.lfuse)
 *(.hfuse)
 *(.efuse)

.lock
 *(.lock*)

.signature
 *(.signature*)

.stab           0x00000000     0x45f0
 *(.stab)
 .stab          0x00000000      0x60c ./MCAL/UART/UART_prg.o
 .stab          0x0000060c      0x6cc ./MCAL/TIMER1/TIMER1_prg.o
                                0x6d8 (size before relaxing)
 .stab          0x00000cd8      0x1c8 ./MCAL/GIE/GIE_prg.o
                                0x1d4 (size before relaxing)
 .stab          0x00000ea0      0x3e4 ./MCAL/EXI/EXI_prg.o
                                0x3f0 (size before relaxing)
 .stab          0x00001284      0x480 ./MCAL/DIO/DIO_prg.o
                                0x48c (size before relaxing)
 .stab          0x00001704      0x300 ./MCAL/ADC/ADC_prg.o
                                0x30c (size before relaxing)
 .stab          0x00001a04      0x450 ./HAL/SSD/SSD_prg.o
                                0x45c (size before relaxing)
 .stab          0x00001e54      0x5c4 ./HAL/SERVO/SERVO_prg.o
                                0x5d0 (size before relaxing)
 .stab          0x00002418      0x3fc ./HAL/LED/LED_prg.o
                                0x408 (size before relaxing)
 .stab          0x00002814      0x24c ./HAL/LDR/LDR_prg.o
                                0x258 (size before relaxing)
 .stab          0x00002a60     0x126c ./HAL/LCD/LCD_prg.o
                               0x1404 (size before relaxing)
 .stab          0x00003ccc      0x300 ./HAL/BTN/BTN_prg.o
                                0x30c (size before relaxing)
 .stab          0x00003fcc      0x624 ./APP/Main.o
                                0x7bc (size before relaxing)

.stabstr        0x00000000     0x1df6
 *(.stabstr)
 .stabstr       0x00000000     0x1df6 ./MCAL/UART/UART_prg.o

.stab.excl
 *(.stab.excl)

.stab.exclstr
 *(.stab.exclstr)

.stab.index
 *(.stab.index)

.stab.indexstr
 *(.stab.indexstr)

.comment
 *(.comment)

.debug
 *(.debug)

.line
 *(.line)

.debug_srcinfo
 *(.debug_srcinfo)

.debug_sfnames
 *(.debug_sfnames)

.debug_aranges  0x00000000      0x1a0
 *(.debug_aranges)
 .debug_aranges
                0x00000000       0x20 d:/course embedded system/tools/imt sdk/imt_sdk_win_64/winavr/bin/../lib/gcc/avr/4.3.3/avr5\libgcc.a(_fixunssfsi.o)
 .debug_aranges
                0x00000020       0x20 d:/course embedded system/tools/imt sdk/imt_sdk_win_64/winavr/bin/../lib/gcc/avr/4.3.3/avr5\libgcc.a(_addsub_sf.o)
 .debug_aranges
                0x00000040       0x20 d:/course embedded system/tools/imt sdk/imt_sdk_win_64/winavr/bin/../lib/gcc/avr/4.3.3/avr5\libgcc.a(_mul_sf.o)
 .debug_aranges
                0x00000060       0x20 d:/course embedded system/tools/imt sdk/imt_sdk_win_64/winavr/bin/../lib/gcc/avr/4.3.3/avr5\libgcc.a(_div_sf.o)
 .debug_aranges
                0x00000080       0x20 d:/course embedded system/tools/imt sdk/imt_sdk_win_64/winavr/bin/../lib/gcc/avr/4.3.3/avr5\libgcc.a(_gt_sf.o)
 .debug_aranges
                0x000000a0       0x20 d:/course embedded system/tools/imt sdk/imt_sdk_win_64/winavr/bin/../lib/gcc/avr/4.3.3/avr5\libgcc.a(_ge_sf.o)
 .debug_aranges
                0x000000c0       0x20 d:/course embedded system/tools/imt sdk/imt_sdk_win_64/winavr/bin/../lib/gcc/avr/4.3.3/avr5\libgcc.a(_lt_sf.o)
 .debug_aranges
                0x000000e0       0x20 d:/course embedded system/tools/imt sdk/imt_sdk_win_64/winavr/bin/../lib/gcc/avr/4.3.3/avr5\libgcc.a(_sf_to_si.o)
 .debug_aranges
                0x00000100       0x20 d:/course embedded system/tools/imt sdk/imt_sdk_win_64/winavr/bin/../lib/gcc/avr/4.3.3/avr5\libgcc.a(_usi_to_sf.o)
 .debug_aranges
                0x00000120       0x20 d:/course embedded system/tools/imt sdk/imt_sdk_win_64/winavr/bin/../lib/gcc/avr/4.3.3/avr5\libgcc.a(_clzsi2.o)
 .debug_aranges
                0x00000140       0x20 d:/course embedded system/tools/imt sdk/imt_sdk_win_64/winavr/bin/../lib/gcc/avr/4.3.3/avr5\libgcc.a(_pack_sf.o)
 .debug_aranges
                0x00000160       0x20 d:/course embedded system/tools/imt sdk/imt_sdk_win_64/winavr/bin/../lib/gcc/avr/4.3.3/avr5\libgcc.a(_unpack_sf.o)
 .debug_aranges
                0x00000180       0x20 d:/course embedded system/tools/imt sdk/imt_sdk_win_64/winavr/bin/../lib/gcc/avr/4.3.3/avr5\libgcc.a(_fpcmp_parts_sf.o)

.debug_pubnames
                0x00000000      0x1f2
 *(.debug_pubnames)
 .debug_pubnames
                0x00000000       0x23 d:/course embedded system/tools/imt sdk/imt_sdk_win_64/winavr/bin/../lib/gcc/avr/4.3.3/avr5\libgcc.a(_fixunssfsi.o)
 .debug_pubnames
                0x00000023       0x2c d:/course embedded system/tools/imt sdk/imt_sdk_win_64/winavr/bin/../lib/gcc/avr/4.3.3/avr5\libgcc.a(_addsub_sf.o)
 .debug_pubnames
                0x0000004f       0x1f d:/course embedded system/tools/imt sdk/imt_sdk_win_64/winavr/bin/../lib/gcc/avr/4.3.3/avr5\libgcc.a(_mul_sf.o)
 .debug_pubnames
                0x0000006e       0x1f d:/course embedded system/tools/imt sdk/imt_sdk_win_64/winavr/bin/../lib/gcc/avr/4.3.3/avr5\libgcc.a(_div_sf.o)
 .debug_pubnames
                0x0000008d       0x1e d:/course embedded system/tools/imt sdk/imt_sdk_win_64/winavr/bin/../lib/gcc/avr/4.3.3/avr5\libgcc.a(_gt_sf.o)
 .debug_pubnames
                0x000000ab       0x1e d:/course embedded system/tools/imt sdk/imt_sdk_win_64/winavr/bin/../lib/gcc/avr/4.3.3/avr5\libgcc.a(_ge_sf.o)
 .debug_pubnames
                0x000000c9       0x1e d:/course embedded system/tools/imt sdk/imt_sdk_win_64/winavr/bin/../lib/gcc/avr/4.3.3/avr5\libgcc.a(_lt_sf.o)
 .debug_pubnames
                0x000000e7       0x20 d:/course embedded system/tools/imt sdk/imt_sdk_win_64/winavr/bin/../lib/gcc/avr/4.3.3/avr5\libgcc.a(_sf_to_si.o)
 .debug_pubnames
                0x00000107       0x22 d:/course embedded system/tools/imt sdk/imt_sdk_win_64/winavr/bin/../lib/gcc/avr/4.3.3/avr5\libgcc.a(_thenan_sf.o)
 .debug_pubnames
                0x00000129       0x24 d:/course embedded system/tools/imt sdk/imt_sdk_win_64/winavr/bin/../lib/gcc/avr/4.3.3/avr5\libgcc.a(_usi_to_sf.o)
 .debug_pubnames
                0x0000014d       0x1f d:/course embedded system/tools/imt sdk/imt_sdk_win_64/winavr/bin/../lib/gcc/avr/4.3.3/avr5\libgcc.a(_clzsi2.o)
 .debug_pubnames
                0x0000016c       0x1f d:/course embedded system/tools/imt sdk/imt_sdk_win_64/winavr/bin/../lib/gcc/avr/4.3.3/avr5\libgcc.a(_pack_sf.o)
 .debug_pubnames
                0x0000018b       0x21 d:/course embedded system/tools/imt sdk/imt_sdk_win_64/winavr/bin/../lib/gcc/avr/4.3.3/avr5\libgcc.a(_unpack_sf.o)
 .debug_pubnames
                0x000001ac       0x26 d:/course embedded system/tools/imt sdk/imt_sdk_win_64/winavr/bin/../lib/gcc/avr/4.3.3/avr5\libgcc.a(_fpcmp_parts_sf.o)
 .debug_pubnames
                0x000001d2       0x20 d:/course embedded system/tools/imt sdk/imt_sdk_win_64/winavr/bin/../lib/gcc/avr/4.3.3/avr5\libgcc.a(_clz.o)

.debug_info     0x00000000     0x240b
 *(.debug_info)
 .debug_info    0x00000000       0xb1 d:/course embedded system/tools/imt sdk/imt_sdk_win_64/winavr/bin/../lib/gcc/avr/4.3.3/avr5\libgcc.a(_fixunssfsi.o)
 .debug_info    0x000000b1      0x47a d:/course embedded system/tools/imt sdk/imt_sdk_win_64/winavr/bin/../lib/gcc/avr/4.3.3/avr5\libgcc.a(_addsub_sf.o)
 .debug_info    0x0000052b      0x485 d:/course embedded system/tools/imt sdk/imt_sdk_win_64/winavr/bin/../lib/gcc/avr/4.3.3/avr5\libgcc.a(_mul_sf.o)
 .debug_info    0x000009b0      0x3fc d:/course embedded system/tools/imt sdk/imt_sdk_win_64/winavr/bin/../lib/gcc/avr/4.3.3/avr5\libgcc.a(_div_sf.o)
 .debug_info    0x00000dac      0x27f d:/course embedded system/tools/imt sdk/imt_sdk_win_64/winavr/bin/../lib/gcc/avr/4.3.3/avr5\libgcc.a(_gt_sf.o)
 .debug_info    0x0000102b      0x27f d:/course embedded system/tools/imt sdk/imt_sdk_win_64/winavr/bin/../lib/gcc/avr/4.3.3/avr5\libgcc.a(_ge_sf.o)
 .debug_info    0x000012aa      0x27f d:/course embedded system/tools/imt sdk/imt_sdk_win_64/winavr/bin/../lib/gcc/avr/4.3.3/avr5\libgcc.a(_lt_sf.o)
 .debug_info    0x00001529      0x2b0 d:/course embedded system/tools/imt sdk/imt_sdk_win_64/winavr/bin/../lib/gcc/avr/4.3.3/avr5\libgcc.a(_sf_to_si.o)
 .debug_info    0x000017d9      0x12c d:/course embedded system/tools/imt sdk/imt_sdk_win_64/winavr/bin/../lib/gcc/avr/4.3.3/avr5\libgcc.a(_thenan_sf.o)
 .debug_info    0x00001905      0x206 d:/course embedded system/tools/imt sdk/imt_sdk_win_64/winavr/bin/../lib/gcc/avr/4.3.3/avr5\libgcc.a(_usi_to_sf.o)
 .debug_info    0x00001b0b      0x117 d:/course embedded system/tools/imt sdk/imt_sdk_win_64/winavr/bin/../lib/gcc/avr/4.3.3/avr5\libgcc.a(_clzsi2.o)
 .debug_info    0x00001c22      0x2df d:/course embedded system/tools/imt sdk/imt_sdk_win_64/winavr/bin/../lib/gcc/avr/4.3.3/avr5\libgcc.a(_pack_sf.o)
 .debug_info    0x00001f01      0x251 d:/course embedded system/tools/imt sdk/imt_sdk_win_64/winavr/bin/../lib/gcc/avr/4.3.3/avr5\libgcc.a(_unpack_sf.o)
 .debug_info    0x00002152      0x210 d:/course embedded system/tools/imt sdk/imt_sdk_win_64/winavr/bin/../lib/gcc/avr/4.3.3/avr5\libgcc.a(_fpcmp_parts_sf.o)
 .debug_info    0x00002362       0xa9 d:/course embedded system/tools/imt sdk/imt_sdk_win_64/winavr/bin/../lib/gcc/avr/4.3.3/avr5\libgcc.a(_clz.o)
 *(.gnu.linkonce.wi.*)

.debug_abbrev   0x00000000     0x1386
 *(.debug_abbrev)
 .debug_abbrev  0x00000000       0x5d d:/course embedded system/tools/imt sdk/imt_sdk_win_64/winavr/bin/../lib/gcc/avr/4.3.3/avr5\libgcc.a(_fixunssfsi.o)
 .debug_abbrev  0x0000005d      0x1ea d:/course embedded system/tools/imt sdk/imt_sdk_win_64/winavr/bin/../lib/gcc/avr/4.3.3/avr5\libgcc.a(_addsub_sf.o)
 .debug_abbrev  0x00000247      0x21b d:/course embedded system/tools/imt sdk/imt_sdk_win_64/winavr/bin/../lib/gcc/avr/4.3.3/avr5\libgcc.a(_mul_sf.o)
 .debug_abbrev  0x00000462      0x216 d:/course embedded system/tools/imt sdk/imt_sdk_win_64/winavr/bin/../lib/gcc/avr/4.3.3/avr5\libgcc.a(_div_sf.o)
 .debug_abbrev  0x00000678      0x15a d:/course embedded system/tools/imt sdk/imt_sdk_win_64/winavr/bin/../lib/gcc/avr/4.3.3/avr5\libgcc.a(_gt_sf.o)
 .debug_abbrev  0x000007d2      0x15a d:/course embedded system/tools/imt sdk/imt_sdk_win_64/winavr/bin/../lib/gcc/avr/4.3.3/avr5\libgcc.a(_ge_sf.o)
 .debug_abbrev  0x0000092c      0x15a d:/course embedded system/tools/imt sdk/imt_sdk_win_64/winavr/bin/../lib/gcc/avr/4.3.3/avr5\libgcc.a(_lt_sf.o)
 .debug_abbrev  0x00000a86      0x17f d:/course embedded system/tools/imt sdk/imt_sdk_win_64/winavr/bin/../lib/gcc/avr/4.3.3/avr5\libgcc.a(_sf_to_si.o)
 .debug_abbrev  0x00000c05       0xad d:/course embedded system/tools/imt sdk/imt_sdk_win_64/winavr/bin/../lib/gcc/avr/4.3.3/avr5\libgcc.a(_thenan_sf.o)
 .debug_abbrev  0x00000cb2      0x157 d:/course embedded system/tools/imt sdk/imt_sdk_win_64/winavr/bin/../lib/gcc/avr/4.3.3/avr5\libgcc.a(_usi_to_sf.o)
 .debug_abbrev  0x00000e09       0xc4 d:/course embedded system/tools/imt sdk/imt_sdk_win_64/winavr/bin/../lib/gcc/avr/4.3.3/avr5\libgcc.a(_clzsi2.o)
 .debug_abbrev  0x00000ecd      0x1c0 d:/course embedded system/tools/imt sdk/imt_sdk_win_64/winavr/bin/../lib/gcc/avr/4.3.3/avr5\libgcc.a(_pack_sf.o)
 .debug_abbrev  0x0000108d      0x154 d:/course embedded system/tools/imt sdk/imt_sdk_win_64/winavr/bin/../lib/gcc/avr/4.3.3/avr5\libgcc.a(_unpack_sf.o)
 .debug_abbrev  0x000011e1      0x13b d:/course embedded system/tools/imt sdk/imt_sdk_win_64/winavr/bin/../lib/gcc/avr/4.3.3/avr5\libgcc.a(_fpcmp_parts_sf.o)
 .debug_abbrev  0x0000131c       0x6a d:/course embedded system/tools/imt sdk/imt_sdk_win_64/winavr/bin/../lib/gcc/avr/4.3.3/avr5\libgcc.a(_clz.o)

.debug_line     0x00000000     0x11d6
 *(.debug_line)
 .debug_line    0x00000000       0xa7 d:/course embedded system/tools/imt sdk/imt_sdk_win_64/winavr/bin/../lib/gcc/avr/4.3.3/avr5\libgcc.a(_fixunssfsi.o)
 .debug_line    0x000000a7      0x2af d:/course embedded system/tools/imt sdk/imt_sdk_win_64/winavr/bin/../lib/gcc/avr/4.3.3/avr5\libgcc.a(_addsub_sf.o)
 .debug_line    0x00000356      0x239 d:/course embedded system/tools/imt sdk/imt_sdk_win_64/winavr/bin/../lib/gcc/avr/4.3.3/avr5\libgcc.a(_mul_sf.o)
 .debug_line    0x0000058f      0x1d5 d:/course embedded system/tools/imt sdk/imt_sdk_win_64/winavr/bin/../lib/gcc/avr/4.3.3/avr5\libgcc.a(_div_sf.o)
 .debug_line    0x00000764       0xd3 d:/course embedded system/tools/imt sdk/imt_sdk_win_64/winavr/bin/../lib/gcc/avr/4.3.3/avr5\libgcc.a(_gt_sf.o)
 .debug_line    0x00000837       0xd3 d:/course embedded system/tools/imt sdk/imt_sdk_win_64/winavr/bin/../lib/gcc/avr/4.3.3/avr5\libgcc.a(_ge_sf.o)
 .debug_line    0x0000090a       0xd3 d:/course embedded system/tools/imt sdk/imt_sdk_win_64/winavr/bin/../lib/gcc/avr/4.3.3/avr5\libgcc.a(_lt_sf.o)
 .debug_line    0x000009dd      0x109 d:/course embedded system/tools/imt sdk/imt_sdk_win_64/winavr/bin/../lib/gcc/avr/4.3.3/avr5\libgcc.a(_sf_to_si.o)
 .debug_line    0x00000ae6       0x90 d:/course embedded system/tools/imt sdk/imt_sdk_win_64/winavr/bin/../lib/gcc/avr/4.3.3/avr5\libgcc.a(_thenan_sf.o)
 .debug_line    0x00000b76      0x133 d:/course embedded system/tools/imt sdk/imt_sdk_win_64/winavr/bin/../lib/gcc/avr/4.3.3/avr5\libgcc.a(_usi_to_sf.o)
 .debug_line    0x00000ca9       0xa5 d:/course embedded system/tools/imt sdk/imt_sdk_win_64/winavr/bin/../lib/gcc/avr/4.3.3/avr5\libgcc.a(_clzsi2.o)
 .debug_line    0x00000d4e      0x18a d:/course embedded system/tools/imt sdk/imt_sdk_win_64/winavr/bin/../lib/gcc/avr/4.3.3/avr5\libgcc.a(_pack_sf.o)
 .debug_line    0x00000ed8      0x14b d:/course embedded system/tools/imt sdk/imt_sdk_win_64/winavr/bin/../lib/gcc/avr/4.3.3/avr5\libgcc.a(_unpack_sf.o)
 .debug_line    0x00001023      0x137 d:/course embedded system/tools/imt sdk/imt_sdk_win_64/winavr/bin/../lib/gcc/avr/4.3.3/avr5\libgcc.a(_fpcmp_parts_sf.o)
 .debug_line    0x0000115a       0x7c d:/course embedded system/tools/imt sdk/imt_sdk_win_64/winavr/bin/../lib/gcc/avr/4.3.3/avr5\libgcc.a(_clz.o)

.debug_frame    0x00000000      0x1c0
 *(.debug_frame)
 .debug_frame   0x00000000       0x20 d:/course embedded system/tools/imt sdk/imt_sdk_win_64/winavr/bin/../lib/gcc/avr/4.3.3/avr5\libgcc.a(_fixunssfsi.o)
 .debug_frame   0x00000020       0x40 d:/course embedded system/tools/imt sdk/imt_sdk_win_64/winavr/bin/../lib/gcc/avr/4.3.3/avr5\libgcc.a(_addsub_sf.o)
 .debug_frame   0x00000060       0x20 d:/course embedded system/tools/imt sdk/imt_sdk_win_64/winavr/bin/../lib/gcc/avr/4.3.3/avr5\libgcc.a(_mul_sf.o)
 .debug_frame   0x00000080       0x20 d:/course embedded system/tools/imt sdk/imt_sdk_win_64/winavr/bin/../lib/gcc/avr/4.3.3/avr5\libgcc.a(_div_sf.o)
 .debug_frame   0x000000a0       0x20 d:/course embedded system/tools/imt sdk/imt_sdk_win_64/winavr/bin/../lib/gcc/avr/4.3.3/avr5\libgcc.a(_gt_sf.o)
 .debug_frame   0x000000c0       0x20 d:/course embedded system/tools/imt sdk/imt_sdk_win_64/winavr/bin/../lib/gcc/avr/4.3.3/avr5\libgcc.a(_ge_sf.o)
 .debug_frame   0x000000e0       0x20 d:/course embedded system/tools/imt sdk/imt_sdk_win_64/winavr/bin/../lib/gcc/avr/4.3.3/avr5\libgcc.a(_lt_sf.o)
 .debug_frame   0x00000100       0x20 d:/course embedded system/tools/imt sdk/imt_sdk_win_64/winavr/bin/../lib/gcc/avr/4.3.3/avr5\libgcc.a(_sf_to_si.o)
 .debug_frame   0x00000120       0x20 d:/course embedded system/tools/imt sdk/imt_sdk_win_64/winavr/bin/../lib/gcc/avr/4.3.3/avr5\libgcc.a(_usi_to_sf.o)
 .debug_frame   0x00000140       0x20 d:/course embedded system/tools/imt sdk/imt_sdk_win_64/winavr/bin/../lib/gcc/avr/4.3.3/avr5\libgcc.a(_clzsi2.o)
 .debug_frame   0x00000160       0x20 d:/course embedded system/tools/imt sdk/imt_sdk_win_64/winavr/bin/../lib/gcc/avr/4.3.3/avr5\libgcc.a(_pack_sf.o)
 .debug_frame   0x00000180       0x20 d:/course embedded system/tools/imt sdk/imt_sdk_win_64/winavr/bin/../lib/gcc/avr/4.3.3/avr5\libgcc.a(_unpack_sf.o)
 .debug_frame   0x000001a0       0x20 d:/course embedded system/tools/imt sdk/imt_sdk_win_64/winavr/bin/../lib/gcc/avr/4.3.3/avr5\libgcc.a(_fpcmp_parts_sf.o)

.debug_str      0x00000000      0x2f6
 *(.debug_str)
 .debug_str     0x00000000       0xbf d:/course embedded system/tools/imt sdk/imt_sdk_win_64/winavr/bin/../lib/gcc/avr/4.3.3/avr5\libgcc.a(_fixunssfsi.o)
                                 0xfe (size before relaxing)
 .debug_str     0x000000bf      0x14d d:/course embedded system/tools/imt sdk/imt_sdk_win_64/winavr/bin/../lib/gcc/avr/4.3.3/avr5\libgcc.a(_addsub_sf.o)
                                0x206 (size before relaxing)
 .debug_str     0x0000020c       0x27 d:/course embedded system/tools/imt sdk/imt_sdk_win_64/winavr/bin/../lib/gcc/avr/4.3.3/avr5\libgcc.a(_mul_sf.o)
                                0x1bf (size before relaxing)
 .debug_str     0x00000233       0x35 d:/course embedded system/tools/imt sdk/imt_sdk_win_64/winavr/bin/../lib/gcc/avr/4.3.3/avr5\libgcc.a(_div_sf.o)
                                0x1c8 (size before relaxing)
 .debug_str     0x00000268        0x8 d:/course embedded system/tools/imt sdk/imt_sdk_win_64/winavr/bin/../lib/gcc/avr/4.3.3/avr5\libgcc.a(_gt_sf.o)
                                0x195 (size before relaxing)
 .debug_str     0x00000270        0x8 d:/course embedded system/tools/imt sdk/imt_sdk_win_64/winavr/bin/../lib/gcc/avr/4.3.3/avr5\libgcc.a(_ge_sf.o)
                                0x195 (size before relaxing)
 .debug_str     0x00000278        0x8 d:/course embedded system/tools/imt sdk/imt_sdk_win_64/winavr/bin/../lib/gcc/avr/4.3.3/avr5\libgcc.a(_lt_sf.o)
                                0x195 (size before relaxing)
 .debug_str     0x00000280        0xa d:/course embedded system/tools/imt sdk/imt_sdk_win_64/winavr/bin/../lib/gcc/avr/4.3.3/avr5\libgcc.a(_sf_to_si.o)
                                0x19e (size before relaxing)
 .debug_str     0x00000000      0x103 d:/course embedded system/tools/imt sdk/imt_sdk_win_64/winavr/bin/../lib/gcc/avr/4.3.3/avr5\libgcc.a(_thenan_sf.o)
 .debug_str     0x0000028a       0x21 d:/course embedded system/tools/imt sdk/imt_sdk_win_64/winavr/bin/../lib/gcc/avr/4.3.3/avr5\libgcc.a(_usi_to_sf.o)
                                0x177 (size before relaxing)
 .debug_str     0x000002ab       0x20 d:/course embedded system/tools/imt sdk/imt_sdk_win_64/winavr/bin/../lib/gcc/avr/4.3.3/avr5\libgcc.a(_clzsi2.o)
                                0x111 (size before relaxing)
 .debug_str     0x000002cb       0x10 d:/course embedded system/tools/imt sdk/imt_sdk_win_64/winavr/bin/../lib/gcc/avr/4.3.3/avr5\libgcc.a(_pack_sf.o)
                                0x19d (size before relaxing)
 .debug_str     0x000002db        0xb d:/course embedded system/tools/imt sdk/imt_sdk_win_64/winavr/bin/../lib/gcc/avr/4.3.3/avr5\libgcc.a(_unpack_sf.o)
                                0x17f (size before relaxing)
 .debug_str     0x000002e6       0x10 d:/course embedded system/tools/imt sdk/imt_sdk_win_64/winavr/bin/../lib/gcc/avr/4.3.3/avr5\libgcc.a(_fpcmp_parts_sf.o)
                                0x163 (size before relaxing)
 .debug_str     0x00000000       0xf4 d:/course embedded system/tools/imt sdk/imt_sdk_win_64/winavr/bin/../lib/gcc/avr/4.3.3/avr5\libgcc.a(_clz.o)

.debug_loc      0x00000000      0x96e
 *(.debug_loc)
 .debug_loc     0x00000000       0x34 d:/course embedded system/tools/imt sdk/imt_sdk_win_64/winavr/bin/../lib/gcc/avr/4.3.3/avr5\libgcc.a(_fixunssfsi.o)
 .debug_loc     0x00000034      0x32a d:/course embedded system/tools/imt sdk/imt_sdk_win_64/winavr/bin/../lib/gcc/avr/4.3.3/avr5\libgcc.a(_addsub_sf.o)
 .debug_loc     0x0000035e      0x104 d:/course embedded system/tools/imt sdk/imt_sdk_win_64/winavr/bin/../lib/gcc/avr/4.3.3/avr5\libgcc.a(_mul_sf.o)
 .debug_loc     0x00000462       0xc0 d:/course embedded system/tools/imt sdk/imt_sdk_win_64/winavr/bin/../lib/gcc/avr/4.3.3/avr5\libgcc.a(_div_sf.o)
 .debug_loc     0x00000522       0x3c d:/course embedded system/tools/imt sdk/imt_sdk_win_64/winavr/bin/../lib/gcc/avr/4.3.3/avr5\libgcc.a(_gt_sf.o)
 .debug_loc     0x0000055e       0x3c d:/course embedded system/tools/imt sdk/imt_sdk_win_64/winavr/bin/../lib/gcc/avr/4.3.3/avr5\libgcc.a(_ge_sf.o)
 .debug_loc     0x0000059a       0x3c d:/course embedded system/tools/imt sdk/imt_sdk_win_64/winavr/bin/../lib/gcc/avr/4.3.3/avr5\libgcc.a(_lt_sf.o)
 .debug_loc     0x000005d6       0x7e d:/course embedded system/tools/imt sdk/imt_sdk_win_64/winavr/bin/../lib/gcc/avr/4.3.3/avr5\libgcc.a(_sf_to_si.o)
 .debug_loc     0x00000654       0x4c d:/course embedded system/tools/imt sdk/imt_sdk_win_64/winavr/bin/../lib/gcc/avr/4.3.3/avr5\libgcc.a(_usi_to_sf.o)
 .debug_loc     0x000006a0       0x94 d:/course embedded system/tools/imt sdk/imt_sdk_win_64/winavr/bin/../lib/gcc/avr/4.3.3/avr5\libgcc.a(_clzsi2.o)
 .debug_loc     0x00000734      0x13e d:/course embedded system/tools/imt sdk/imt_sdk_win_64/winavr/bin/../lib/gcc/avr/4.3.3/avr5\libgcc.a(_pack_sf.o)
 .debug_loc     0x00000872       0xac d:/course embedded system/tools/imt sdk/imt_sdk_win_64/winavr/bin/../lib/gcc/avr/4.3.3/avr5\libgcc.a(_unpack_sf.o)
 .debug_loc     0x0000091e       0x50 d:/course embedded system/tools/imt sdk/imt_sdk_win_64/winavr/bin/../lib/gcc/avr/4.3.3/avr5\libgcc.a(_fpcmp_parts_sf.o)

.debug_macinfo
 *(.debug_macinfo)
OUTPUT(08-LDR_Test.elf elf32-avr)
LOAD linker stubs

.debug_ranges   0x00000000       0x50
 .debug_ranges  0x00000000       0x50 d:/course embedded system/tools/imt sdk/imt_sdk_win_64/winavr/bin/../lib/gcc/avr/4.3.3/avr5\libgcc.a(_mul_sf.o)
